Running Gradle task 'assembleDebug'...                          
flutter : Warning: Flutter support for your project's Gradle version (8.3.0) will soon be 
dropped. Please upgrade your Gradle version to a version of at least 8.7.0 soon.
At line:1 char:1
+ flutter build apk --debug --no-pub > build_output.txt 2>&1
+ ~~~~~~~~~~~~~~~~~~~~~~~~~~~~~~~~~~~~~~~~~~~~~~~~~~~~~~~~~~
    + CategoryInfo          : NotSpecified: (Warning: Flutte...ast 8.7.0 soon.:String) [], Rem 
   oteException
    + FullyQualifiedErrorId : NativeCommandError
 
Alternatively, use the flag "--android-skip-build-dependency-validation" to bypass this check.

Potential fix: Your project's gradle version is typically defined in the gradle wrapper file. 
By default, this can be found at D:\sachin\Projects\flutter 
projects\vidhan\android/gradle/wrapper/gradle-wrapper.properties. 
For more information, see https://docs.gradle.org/current/userguide/gradle_wrapper.html.

Warning: Flutter support for your project's Android Gradle Plugin version (Android Gradle 
Plugin version 8.2.1) will soon be dropped. Please upgrade your Android Gradle Plugin version 
to a version of at least Android Gradle Plugin version 8.6.0 soon.
Alternatively, use the flag "--android-skip-build-dependency-validation" to bypass this check.

Potential fix: Your project's AGP version is typically defined in the plugins block of the 
`settings.gradle` file (D:\sachin\Projects\flutter projects\vidhan\android/settings.gradle), 
by a plugin with the id of com.android.application. 
If you don't see a plugins block, your project was likely created with an older template 
version. In this case it is most likely defined in the top-level build.gradle file 
(D:\sachin\Projects\flutter projects\vidhan\android/build.gradle) by the following line in the 
dependencies block of the buildscript: "classpath 'com.android.tools.build:gradle:<version>'".

Warning: Flutter support for your project's Kotlin version (1.9.22) will soon be dropped. 
Please upgrade your Kotlin version to a version of at least 2.1.0 soon.
Alternatively, use the flag "--android-skip-build-dependency-validation" to bypass this check.

Potential fix: Your project's KGP version is typically defined in the plugins block of the 
`settings.gradle` file (D:\sachin\Projects\flutter projects\vidhan\android/settings.gradle), 
by a plugin with the id of org.jetbrains.kotlin.android. 
If you don't see a plugins block, your project was likely created with an older template 
version, in which case it is most likely defined in the top-level build.gradle file 
(D:\sachin\Projects\flutter projects\vidhan\android/build.gradle) by the ext.kotlin_version 
property.


FAILURE: Build failed with an exception.

* What went wrong:
Execution failed for task ':app:checkDebugAarMetadata'.
> A failure occurred while executing 
com.android.build.gradle.internal.tasks.CheckAarMetadataWorkAction
   > 2 issues were found when checking AAR metadata:

       1.  Dependency 'androidx.activity:activity-ktx:1.11.0' requires Android Gradle plugin 
8.9.1 or higher.

           This build currently uses Android Gradle plugin 8.2.1.

       2.  Dependency 'androidx.activity:activity:1.11.0' requires Android Gradle plugin 8.9.1 
or higher.

           This build currently uses Android Gradle plugin 8.2.1.

* Try:
> Run with --stacktrace option to get the stack trace.
> Run with --info or --debug option to get more log output.
> Run with --scan to get full insights.
> Get more help at https://help.gradle.org.

BUILD FAILED in 14s
Running Gradle task 'assembleDebug'...                             15.5s
Gradle task assembleDebug failed with exit code 1
